// Vitest Snapshot v1, https://vitest.dev/guide/snapshot.html

exports[`UsernameDisplay > should render username 1`] = `
<div>
  <div>
    <h1>
      ha
    </h1>
  </div>
</div>
`;
